\BOOKMARK [0][-]{chapter.1}{\376\377\000C\000\363\000m\000o\000\040\000l\000e\000e\000r\000\040\000e\000s\000t\000a\000\040\000g\000u\000\355\000a}{}% 1
\BOOKMARK [1][-]{section.1.1}{\376\377\000L\000a\000\040\000r\000e\000g\000l\000a\000\040\000d\000e\000\040\000o\000r\000o}{chapter.1}% 2
\BOOKMARK [1][-]{section.1.2}{\376\377\000T\000i\000p\000o\000s\000\040\000d\000e\000\040\000p\000u\000e\000r\000t\000o\000\040\000y\000\040\000q\000u\000\351\000\040\000a\000c\000e\000p\000t\000a\000n}{chapter.1}% 3
\BOOKMARK [1][-]{section.1.3}{\376\377\000E\000r\000r\000o\000r\000e\000s\000\040\000c\000o\000m\000u\000n\000e\000s\000\040\000y\000\040\000q\000u\000\351\000\040\000s\000i\000g\000n\000i\000f\000i\000c\000a\000n}{chapter.1}% 4
\BOOKMARK [0][-]{chapter.2}{\376\377\000C\000o\000m\000a\000n\000d\000o\000s\000\040\000d\000e\000\040\000n\000a\000v\000e\000g\000a\000c\000i\000\363\000n\000\040\000y\000\040\000c\000o\000n\000f\000i\000g\000u\000r\000a\000c\000i\000\363\000n\000\040\000b\000\341\000s\000i\000c\000a}{}% 5
\BOOKMARK [1][-]{section.2.1}{\376\377\000M\000o\000d\000o\000s\000\040\000d\000e\000l\000\040\000I\000O\000S}{chapter.2}% 6
\BOOKMARK [1][-]{section.2.2}{\376\377\000G\000u\000a\000r\000d\000a\000r\000\040\000l\000a\000\040\000c\000o\000n\000f\000i\000g\000u\000r\000a\000c\000i\000\363\000n\000\040\000\050\000\241\000n\000u\000n\000c\000a\000\040\000l\000o\000\040\000o\000l\000v\000i\000d\000e\000s\000!\000\051}{chapter.2}% 7
\BOOKMARK [0][-]{chapter.3}{\376\377\000V\000L\000A\000N\000s\000\040\000e\000n\000\040\000s\000w\000i\000t\000c\000h\000e\000s}{}% 8
\BOOKMARK [1][-]{section.3.1}{\376\377\000C\000r\000e\000a\000r\000\040\000l\000a\000s\000\040\000V\000L\000A\000N\000s}{chapter.3}% 9
\BOOKMARK [1][-]{section.3.2}{\376\377\000A\000s\000i\000g\000n\000a\000r\000\040\000p\000u\000e\000r\000t\000o\000s\000\040\000a\000\040\000l\000a\000s\000\040\000V\000L\000A\000N\000s\000\040\000\050\000p\000u\000e\000r\000t\000o\000s\000\040\000a\000c\000c\000e\000s\000s\000\051}{chapter.3}% 10
\BOOKMARK [1][-]{section.3.3}{\376\377\000V\000e\000r\000i\000f\000i\000c\000a\000r\000\040\000l\000a\000s\000\040\000V\000L\000A\000N\000s}{chapter.3}% 11
\BOOKMARK [0][-]{chapter.4}{\376\377\000T\000r\000u\000n\000k\000s}{}% 12
\BOOKMARK [1][-]{section.4.1}{\376\377\000C\000o\000n\000f\000i\000g\000u\000r\000a\000r\000\040\000u\000n\000\040\000t\000r\000u\000n\000k}{chapter.4}% 13
\BOOKMARK [0][-]{chapter.5}{\376\377\000I\000P\000s\000\040\000e\000n\000\040\000r\000o\000u\000t\000e\000r\000s\000\040\000y\000\040\000m\000u\000l\000t\000i\000l\000a\000y\000e\000r\000s}{}% 14
\BOOKMARK [1][-]{section.5.1}{\376\377\000I\000P\000\040\000d\000i\000r\000e\000c\000t\000a\000\040\000e\000n\000\040\000p\000u\000e\000r\000t\000o\000\040\000d\000e\000\040\000r\000o\000u\000t\000e\000r}{chapter.5}% 15
\BOOKMARK [1][-]{section.5.2}{\376\377\000C\000o\000n\000v\000e\000r\000t\000i\000r\000\040\000u\000n\000\040\000p\000u\000e\000r\000t\000o\000\040\000d\000e\000\040\000m\000u\000l\000t\000i\000l\000a\000y\000e\000r\000\040\000e\000n\000\040\000p\000u\000e\000r\000t\000o\000\040\000d\000e\000\040\000r\000o\000u\000t\000e\000r}{chapter.5}% 16
\BOOKMARK [0][-]{chapter.6}{\376\377\000S\000V\000I\000s\000\040\000y\000\040\000m\000u\000l\000t\000i\000l\000a\000y\000e\000r\000\040\000\050\000r\000o\000u\000t\000e\000r\000-\000o\000n\000-\000a\000-\000s\000t\000i\000c\000k\000\051}{}% 17
\BOOKMARK [1][-]{section.6.1}{\376\377\000\277\000Q\000u\000\351\000\040\000e\000s\000\040\000u\000n\000a\000\040\000S\000V\000I\000?}{chapter.6}% 18
\BOOKMARK [1][-]{section.6.2}{\376\377\000C\000o\000n\000f\000i\000g\000u\000r\000a\000r\000\040\000S\000V\000I\000s\000\040\000e\000n\000\040\000u\000n\000\040\000m\000u\000l\000t\000i\000l\000a\000y\000e\000r}{chapter.6}% 19
\BOOKMARK [1][-]{section.6.3}{\376\377\000R\000o\000u\000t\000e\000r\000-\000o\000n\000-\000a\000-\000s\000t\000i\000c\000k\000\040\000c\000o\000n\000\040\000s\000u\000b\000i\000n\000t\000e\000r\000f\000a\000c\000e\000s}{chapter.6}% 20
\BOOKMARK [0][-]{chapter.7}{\376\377\000V\000e\000r\000i\000f\000i\000c\000a\000c\000i\000\363\000n\000\040\000\050\000l\000a\000\040\000p\000a\000r\000t\000e\000\040\000q\000u\000e\000\040\000t\000o\000d\000o\000s\000\040\000s\000e\000\040\000s\000a\000l\000t\000a\000n\000\051}{}% 21
\BOOKMARK [1][-]{section.7.1}{\376\377\000C\000\363\000m\000o\000\040\000l\000e\000e\000r\000\040\000u\000n\000\040\000p\000i\000n\000g}{chapter.7}% 22
\BOOKMARK [0][-]{chapter.8}{\376\377\000M\000\363\000d\000u\000l\000o\000s\000\040\000d\000e\000l\000\040\000r\000o\000u\000t\000e\000r\000\040\000\050\000P\000a\000c\000k\000e\000t\000\040\000T\000r\000a\000c\000e\000r\000\051}{}% 23
\BOOKMARK [1][-]{section.8.1}{\376\377\000T\000a\000b\000l\000a\000\040\000d\000e\000\040\000m\000\363\000d\000u\000l\000o\000s}{chapter.8}% 24
\BOOKMARK [1][-]{section.8.2}{\376\377\000C\000\363\000m\000o\000\040\000i\000n\000s\000t\000a\000l\000a\000r\000\040\000u\000n\000\040\000m\000\363\000d\000u\000l\000o\000\040\000e\000n\000\040\000P\000a\000c\000k\000e\000t\000\040\000T\000r\000a\000c\000e\000r}{chapter.8}% 25
\BOOKMARK [0][-]{chapter.9}{\376\377\000E\000j\000e\000m\000p\000l\000o\000\040\000c\000o\000m\000p\000l\000e\000t\000o\000:\000\040\000n\000u\000e\000s\000t\000r\000o\000\040\000l\000a\000b}{}% 26
\BOOKMARK [1][-]{section.9.1}{\376\377\000T\000o\000p\000o\000l\000o\000g\000\355\000a}{chapter.9}% 27
\BOOKMARK [1][-]{section.9.2}{\376\377\000T\000a\000b\000l\000a\000\040\000d\000e\000\040\000d\000i\000r\000e\000c\000c\000i\000o\000n\000a\000m\000i\000e\000n\000t\000o}{chapter.9}% 28
\BOOKMARK [1][-]{section.9.3}{\376\377\000S\000e\000c\000u\000e\000n\000c\000i\000a\000\040\000c\000o\000m\000p\000l\000e\000t\000a\000\040\000d\000e\000\040\000c\000o\000n\000f\000i\000g\000u\000r\000a\000c\000i\000\363\000n}{chapter.9}% 29
\BOOKMARK [2][-]{subsection.9.3.1}{\376\377\000P\000a\000s\000o\000\040\0001\000:\000\040\000S\000w\000i\000t\000c\000h\0001\000\040\000\050\000V\000L\000A\000N\000s\000\040\000y\000\040\000p\000u\000e\000r\000t\000o\000s\000\051}{section.9.3}% 30
\BOOKMARK [2][-]{subsection.9.3.2}{\376\377\000P\000a\000s\000o\000\040\0002\000:\000\040\000R\000o\000u\000t\000e\000r\0000\000\040\000\050\000S\000V\000I\000s\000\040\000y\000\040\000e\000n\000l\000a\000c\000e\000s\000\051}{section.9.3}% 31
\BOOKMARK [2][-]{subsection.9.3.3}{\376\377\000P\000a\000s\000o\000\040\0003\000:\000\040\000R\000o\000u\000t\000e\000r\0002\000\040\000\050\000e\000n\000l\000a\000c\000e\000\040\000d\000e\000d\000i\000c\000a\000d\000o\000\040\000V\000L\000A\000N\000\040\0002\0000\000\051}{section.9.3}% 32
\BOOKMARK [2][-]{subsection.9.3.4}{\376\377\000P\000a\000s\000o\000\040\0004\000:\000\040\000R\000o\000u\000t\000e\000r\0001\000\040\000\050\000e\000n\000l\000a\000c\000e\000s\000\051}{section.9.3}% 33
\BOOKMARK [2][-]{subsection.9.3.5}{\376\377\000P\000a\000s\000o\000\040\0005\000:\000\040\000M\000u\000l\000t\000i\000l\000a\000y\000e\000r\000\040\000S\000w\000i\000t\000c\000h\0000}{section.9.3}% 34
\BOOKMARK [2][-]{subsection.9.3.6}{\376\377\000P\000a\000s\000o\000\040\0006\000:\000\040\000V\000e\000r\000i\000f\000i\000c\000a\000c\000i\000\363\000n\000\040\000f\000i\000n\000a\000l}{section.9.3}% 35
\BOOKMARK [0][-]{chapter.10}{\376\377\000O\000S\000P\000F\000\040\000\050\000c\000o\000n\000v\000e\000r\000g\000e\000n\000c\000i\000a\000\040\000c\000o\000m\000p\000l\000e\000t\000a\000\051}{}% 36
\BOOKMARK [1][-]{section.10.1}{\376\377\000C\000o\000n\000f\000i\000g\000u\000r\000a\000c\000i\000\363\000n\000\040\000p\000o\000r\000\040\000r\000o\000u\000t\000e\000r}{chapter.10}% 37
\BOOKMARK [1][-]{section.10.2}{\376\377\000V\000e\000r\000i\000f\000i\000c\000a\000c\000i\000\363\000n\000\040\000d\000e\000\040\000O\000S\000P\000F}{chapter.10}% 38
\BOOKMARK [0][-]{chapter.11}{\376\377\000V\000T\000P\000\040\000\050\000V\000L\000A\000N\000\040\000T\000r\000u\000n\000k\000i\000n\000g\000\040\000P\000r\000o\000t\000o\000c\000o\000l\000\051}{}% 39
\BOOKMARK [1][-]{section.11.1}{\376\377\000\277\000Q\000u\000\351\000\040\000e\000s\000\040\000V\000T\000P\000?}{chapter.11}% 40
\BOOKMARK [1][-]{section.11.2}{\376\377\000L\000o\000s\000\040\000t\000r\000e\000s\000\040\000m\000o\000d\000o\000s}{chapter.11}% 41
\BOOKMARK [1][-]{section.11.3}{\376\377\000C\000o\000n\000f\000i\000g\000u\000r\000a\000c\000i\000\363\000n}{chapter.11}% 42
\BOOKMARK [1][-]{section.11.4}{\376\377\000V\000e\000r\000i\000f\000i\000c\000a\000c\000i\000\363\000n}{chapter.11}% 43
\BOOKMARK [0][-]{chapter.12}{\376\377\000M\000u\000l\000t\000i\000l\000a\000y\000e\000r\000:\000\040\000S\000V\000I\000s\000\040\000+\000\040\000O\000S\000P\000F}{}% 44
\BOOKMARK [1][-]{section.12.1}{\376\377\000C\000o\000n\000f\000i\000g\000u\000r\000a\000c\000i\000\363\000n\000\040\000c\000o\000m\000p\000l\000e\000t\000a\000\040\000d\000e\000l\000\040\000M\000L\000S\0000}{chapter.12}% 45
\BOOKMARK [0][-]{chapter.13}{\376\377\000S\000e\000r\000v\000i\000d\000o\000r\000e\000s\000\040\000d\000e\000l\000\040\000l\000a\000b}{}% 46
\BOOKMARK [1][-]{section.13.1}{\376\377\000C\000o\000n\000f\000i\000g\000u\000r\000a\000c\000i\000\363\000n\000\040\000e\000n\000\040\000P\000a\000c\000k\000e\000t\000\040\000T\000r\000a\000c\000e\000r}{chapter.13}% 47
\BOOKMARK [1][-]{section.13.2}{\376\377\000i\000p\000\040\000h\000e\000l\000p\000e\000r\000-\000a\000d\000d\000r\000e\000s\000s\000\040\000\050\000p\000a\000r\000a\000\040\000e\000l\000\040\000D\000H\000C\000P\000\051}{chapter.13}% 48
\BOOKMARK [0][-]{chapter.14}{\376\377\000T\000a\000b\000l\000a\000\040\000d\000e\000\040\000d\000i\000r\000e\000c\000c\000i\000o\000n\000a\000m\000i\000e\000n\000t\000o\000\040\000c\000o\000m\000p\000l\000e\000t\000a}{}% 49
\BOOKMARK [0][-]{chapter.15}{\376\377\000O\000r\000d\000e\000n\000\040\000d\000e\000\040\000c\000o\000n\000f\000i\000g\000u\000r\000a\000c\000i\000\363\000n\000\040\000d\000e\000l\000\040\000l\000a\000b\000\040\000c\000o\000m\000p\000l\000e\000t\000o}{}% 50
