\BOOKMARK [1][-]{section.1}{\376\377\000N\000i\000v\000e\000l\000\040\0000\000\040\040\023\000\040\000P\000r\000i\000m\000e\000r\000\040\000c\000o\000n\000t\000a\000c\000t\000o}{}% 1
\BOOKMARK [1][-]{section.2}{\376\377\000N\000i\000v\000e\000l\000\040\0001\000\040\040\023\000\040\000E\000l\000\040\000a\000r\000c\000h\000i\000v\000o\000\040\000l\000l\000a\000m\000a\000d\000o\000\040\000-}{}% 2
\BOOKMARK [1][-]{section.3}{\376\377\000N\000i\000v\000e\000l\000\040\0002\000\040\040\023\000\040\000A\000r\000c\000h\000i\000v\000o\000\040\000c\000o\000n\000\040\000e\000s\000p\000a\000c\000i\000o\000s\000\040\000e\000n\000\040\000e\000l\000\040\000n\000o\000m\000b\000r\000e}{}% 3
\BOOKMARK [1][-]{section.4}{\376\377\000N\000i\000v\000e\000l\000\040\0003\000\040\040\023\000\040\000A\000r\000c\000h\000i\000v\000o\000\040\000o\000c\000u\000l\000t\000o}{}% 4
\BOOKMARK [1][-]{section.5}{\376\377\000N\000i\000v\000e\000l\000\040\0004\000\040\040\023\000\040\000E\000l\000\040\000a\000r\000c\000h\000i\000v\000o\000\040\000l\000e\000g\000i\000b\000l\000e\000\040\000p\000o\000r\000\040\000h\000u\000m\000a\000n\000o\000s}{}% 5
\BOOKMARK [1][-]{section.6}{\376\377\000N\000i\000v\000e\000l\000\040\0005\000\040\040\023\000\040\000B\000u\000s\000c\000a\000r\000\040\000p\000o\000r\000\040\000p\000r\000o\000p\000i\000e\000d\000a\000d\000e\000s}{}% 6
\BOOKMARK [1][-]{section.7}{\376\377\000N\000i\000v\000e\000l\000\040\0006\000\040\040\023\000\040\000B\000u\000s\000c\000a\000r\000\040\000e\000n\000\040\000t\000o\000d\000o\000\040\000e\000l\000\040\000s\000i\000s\000t\000e\000m\000a}{}% 7
\BOOKMARK [1][-]{section.8}{\376\377\000N\000i\000v\000e\000l\000\040\0007\000\040\040\023\000\040\000g\000r\000e\000p}{}% 8
\BOOKMARK [1][-]{section.9}{\376\377\000N\000i\000v\000e\000l\000\040\0008\000\040\040\023\000\040\000L\000a\000\040\000l\000\355\000n\000e\000a\000\040\000\372\000n\000i\000c\000a}{}% 9
\BOOKMARK [1][-]{section.10}{\376\377\000N\000i\000v\000e\000l\000\040\0009\000\040\040\023\000\040\000s\000t\000r\000i\000n\000g\000s}{}% 10
\BOOKMARK [1][-]{section.11}{\376\377\000N\000i\000v\000e\000l\000\040\0001\0000\000\040\040\023\000\040\000b\000a\000s\000e\0006\0004}{}% 11
\BOOKMARK [1][-]{section.12}{\376\377\000N\000i\000v\000e\000l\000\040\0001\0001\000\040\040\023\000\040\000R\000O\000T\0001\0003}{}% 12
\BOOKMARK [1][-]{section.13}{\376\377\000N\000i\000v\000e\000l\000\040\0001\0002\000\040\040\023\000\040\000C\000a\000d\000e\000n\000a\000\040\000d\000e\000\040\000c\000o\000m\000p\000r\000e\000s\000i\000o\000n\000e\000s}{}% 13
\BOOKMARK [1][-]{section.14}{\376\377\000N\000i\000v\000e\000l\000\040\0001\0003\000\040\040\023\000\040\000C\000l\000a\000v\000e\000\040\000p\000r\000i\000v\000a\000d\000a\000\040\000S\000S\000H}{}% 14
\BOOKMARK [1][-]{section.15}{\376\377\000N\000i\000v\000e\000l\000\040\0001\0004\000\040\040\023\000\040\000N\000e\000t\000c\000a\000t}{}% 15
\BOOKMARK [1][-]{section.16}{\376\377\000N\000i\000v\000e\000l\000\040\0001\0005\000\040\040\023\000\040\000S\000e\000r\000v\000i\000c\000i\000o\000\040\000S\000S\000L\000/\000T\000L\000S}{}% 16
\BOOKMARK [1][-]{section.17}{\376\377\000N\000i\000v\000e\000l\000\040\0001\0006\000\040\040\023\000\040\000E\000s\000c\000a\000n\000e\000o\000\040\000d\000e\000\040\000p\000u\000e\000r\000t\000o\000s\000\040\000+\000\040\000T\000L\000S}{}% 17
\BOOKMARK [1][-]{section.18}{\376\377\000N\000i\000v\000e\000l\000\040\0001\0007\000\040\040\023\000\040\000d\000i\000f\000f}{}% 18
\BOOKMARK [1][-]{section.19}{\376\377\000N\000i\000v\000e\000l\000\040\0001\0008\000\040\040\023\000\040\000S\000e\000s\000i\000\363\000n\000\040\000q\000u\000e\000\040\000s\000e\000\040\000c\000i\000e\000r\000r\000a\000\040\000s\000o\000l\000a}{}% 19
\BOOKMARK [1][-]{section.20}{\376\377\000N\000i\000v\000e\000l\000\040\0001\0009\000\040\040\023\000\040\000B\000i\000n\000a\000r\000i\000o\000\040\000s\000e\000t\000u\000i\000d}{}% 20
